// Jest Snapshot v1, https://goo.gl/fbAQLP

exports[`Alert active 1`] = `
<div
  className="alert active"
>
  test
</div>
`;

exports[`Alert non active 1`] = `
<div
  className="alert"
/>
`;
